// Jest Snapshot v1, https://goo.gl/fbAQLP

exports[`Header Snapshot should render forming a snapshot 1`] = `
<DocumentFragment>
  <div
    class="header main-padding"
  >
    <div
      class="logo"
    >
      <a
        href="/allEvents"
      >
        <p
          class="para"
        >
          EVENTIFY
        </p>
      </a>
    </div>
  </div>
</DocumentFragment>
`;
